(module
 (type $v (func))
 (table 1 1 anyfunc)
 (elem (i32.const 0) $call-indirect)
 (memory $0 256 256)
 (data (i32.const 10) "nas\00\00\00aka\00yzkx waka wakm\00\00\00\00\00\00C")
 (export "test1" (func $test1))
 (export "test2" (func $test2))
 (export "test3" (func $test3))
 (func $test1 (type $v) ;; 0
  (nop)
 )
 (func $test2 (type $v) ;; 1
  (nop)
 )
 (func $test3 (type $v) ;; 2
  (nop)
 )
 (func $safe-to-call (type $v) ;; 3
  (i32.store8
   (i32.const 10)
   (i32.const 110)
  )
  (i32.store8
   (i32.const 33)
   (i32.const 109)
  )
 )
 (func $call-indirect (type $v) ;; 4
  (i32.store8
   (i32.const 40)
   (i32.const 67)
  )
 )
)
